]0;~/KCDE_new[?1034h(base) gcgibsons-MacBook-Pro:KCDE_new gcgibson$ gut st[K[K[K[K[Kit status
fatal: not a git repository (or any of the parent directories): .git
]0;~/KCDE_new(base) gcgibsons-MacBook-Pro:KCDE_new gcgibson$ git status
fatal: not a git repository (or any of the parent directories): .git
]0;~/KCDE_new(base) gcgibsons-MacBook-Pro:KCDE_new gcgibson$ echo "# kcde-new" >> README.md
]0;~/KCDE_new(base) gcgibsons-MacBook-Pro:KCDE_new gcgibson$ git init
Initialized empty Git repository in /Users/gcgibson/KCDE_new/.git/
]0;~/KCDE_new(base) gcgibsons-MacBook-Pro:KCDE_new gcgibson$ git add README.md
]0;~/KCDE_new(base) gcgibsons-MacBook-Pro:KCDE_new gcgibson$ git commit -m "first commit"
[master (root-commit) b166842] first commit
 1 file changed, 1 insertion(+)
 create mode 100644 README.md
]0;~/KCDE_new(base) gcgibsons-MacBook-Pro:KCDE_new gcgibson$ git remote add origin https://github.com/ gcgibson/kcde-new.git
]0;~/KCDE_new(base) gcgibsons-MacBook-Pro:KCDE_new gcgibson$ git push -u origin master
Enumerating objects: 3, done.
Counting objects:  33% (1/3)   Counting objects:  66% (2/3)   Counting objects: 100% (3/3)   Counting objects: 100% (3/3), done.
Writing objects:  33% (1/3)   Writing objects:  66% (2/3)   Writing objects: 100% (3/3)   Writing objects: 100% (3/3), 220 bytes | 220.00 KiB/s, done.
Total 3 (delta 0), reused 0 (delta 0)
To https://github.com/gcgibson/kcde-new.git
 * [new branch]      master -> master
Branch 'master' set up to track remote branch 'master' from 'origin'.
]0;~/KCDE_new(base) gcgibsons-MacBook-Pro:KCDE_new gcgibson$ git add -A
git reset --hard origin/master

HEAD is now at 44b0583 update
]0;~/KCDE_new(base) gcgibsons-MacBook-Pro:KCDE_new gcgibson$ 
gi]0;~/KCDE_new[?1034h(base) gcgibsons-MacBook-Pro:KCDE_new gcgibson$ gi[K[Kgitad[K[K add  -A
]0;~/KCDE_new(base) gcgibsons-MacBook-Pro:KCDE_new gcgibson$ git comm t[Kit 0[K-m "u[date"[K[K[K[K[K[K"
[master 4761032] u
 11 files changed, 377 insertions(+), 133 deletions(-)
 rewrite .RData (63%)
 rewrite .Rproj.user/33E36EF3/console06/INDEX001 (100%)
 delete mode 100644 .Rproj.user/33E36EF3/sources/s-93435A1E/813ABCD7
 delete mode 100644 .Rproj.user/33E36EF3/sources/s-93435A1E/813ABCD7-contents
 delete mode 100644 .Rproj.user/33E36EF3/sources/s-93435A1E/lock_file
]0;~/KCDE_new(base) gcgibsons-MacBook-Pro:KCDE_new gcgibson$ git oush  [K[A[C[C[C[C[C[C[C[C[C[C[C[C[C[C[C[C[C[C[C[C[C[C[C[C[C[C[C[C[C[C[C[C[C[C[C[C[C[C[C[C[C[C[C[C[C[C[C[C[C[C[C[C[C[C[C[K
[K[A[C[C[C[C[C[C[C[C[C[C[C[C[C[C[C[C[C[C[C[C[C[C[C[C[C[C[C[C[C[C[C[C[C[C[C[C[C[C[C[C[C[C[C[C[C[C[C[C[C[C[C[C[C[C[C[K[K[Kpush  origin master
Enumerating objects: 31, done.
Counting objects:   3% (1/31)   Counting objects:   6% (2/31)   Counting objects:   9% (3/31)   Counting objects:  12% (4/31)   Counting objects:  16% (5/31)   Counting objects:  19% (6/31)   Counting objects:  22% (7/31)   Counting objects:  25% (8/31)   Counting objects:  29% (9/31)   Counting objects:  32% (10/31)   Counting objects:  35% (11/31)   Counting objects:  38% (12/31)   Counting objects:  41% (13/31)   Counting objects:  45% (14/31)   Counting objects:  48% (15/31)   Counting objects:  51% (16/31)   Counting objects:  54% (17/31)   Counting objects:  58% (18/31)   Counting objects:  61% (19/31)   Counting objects:  64% (20/31)   Counting objects:  67% (21/31)   Counting objects:  70% (22/31)   Counting objects:  74% (23/31)   Counting objects:  77% (24/31)   Counting objects:  80% (25/31)   Counting objects:  83% (26/31)   Counting objects:  87% (27/31)   Counting objects:  90% (28/31)   Counting objects:  93% (29/31)   Counting objects:  96% (30/31)   Counting objects: 100% (31/31)   Counting objects: 100% (31/31), done.
Delta compression using up to 4 threads
Compressing objects:   6% (1/15)   Compressing objects:  13% (2/15)   Compressing objects:  20% (3/15)   Compressing objects:  26% (4/15)   Compressing objects:  33% (5/15)   Compressing objects:  40% (6/15)   Compressing objects:  46% (7/15)   Compressing objects:  53% (8/15)   Compressing objects:  60% (9/15)   Compressing objects:  66% (10/15)   Compressing objects:  73% (11/15)   Compressing objects:  80% (12/15)   Compressing objects:  86% (13/15)   Compressing objects:  93% (14/15)   Compressing objects: 100% (15/15)   Compressing objects: 100% (15/15), done.
Writing objects:   6% (1/16)   Writing objects:  12% (2/16)   Writing objects:  18% (3/16)   Writing objects:  25% (4/16)   Writing objects:  31% (5/16)   Writing objects:  37% (6/16)   Writing objects:  43% (7/16)   Writing objects:  50% (8/16)   Writing objects:  56% (9/16)   Writing objects:  62% (10/16)   Writing objects:  68% (11/16)   Writing objects:  75% (12/16)   Writing objects:  81% (13/16)   Writing objects:  87% (14/16)   Writing objects:  93% (15/16)   Writing objects: 100% (16/16)   Writing objects: 100% (16/16), 110.26 KiB | 2.21 MiB/s, done.
Total 16 (delta 7), reused 0 (delta 0)
remote: Resolving deltas:   0% (0/7)[Kremote: Resolving deltas:  14% (1/7)[Kremote: Resolving deltas:  28% (2/7)[Kremote: Resolving deltas:  42% (3/7)[Kremote: Resolving deltas:  57% (4/7)[Kremote: Resolving deltas:  71% (5/7)[Kremote: Resolving deltas:  85% (6/7)[Kremote: Resolving deltas: 100% (7/7)[Kremote: Resolving deltas: 100% (7/7), completed with 7 local objects.[K
To https://github.com/gcgibson/kcde-new.git
   44b0583..4761032  master -> master
]0;~/KCDE_new(base) gcgibsons-MacBook-Pro:KCDE_new gcgibson$ git pull [A[C[C[C[C[C[C[C[C[C[C[C[C[C[C[C[C[C[C[C[C[C[C[C[C[C[C[C[C[C[C[C[C[C[C[C[C[C[C[C[C[C[C[C[C[C[C[C[C[C[C[C[C[C[C[C[Kl
remote: Enumerating objects: 5, done.[K
remote: Counting objects:  20% (1/5)[Kremote: Counting objects:  40% (2/5)[Kremote: Counting objects:  60% (3/5)[Kremote: Counting objects:  80% (4/5)[Kremote: Counting objects: 100% (5/5)[Kremote: Counting objects: 100% (5/5), done.[K
remote: Compressing objects: 100% (1/1)[Kremote: Compressing objects: 100% (1/1), done.[K
remote: Total 3 (delta 2), reused 3 (delta 2), pack-reused 0[K
Unpacking objects:  33% (1/3)   Unpacking objects:  66% (2/3)   Unpacking objects: 100% (3/3)   Unpacking objects: 100% (3/3), done.
From https://github.com/gcgibson/kcde-new
   4761032..59bcd38  master     -> origin/master
Updating 4761032..59bcd38
Fast-forward
 prediction.R | 105 [32m+++++++++++++++++++++++++++++++++[m[31m--[m
 1 file changed, 100 insertions(+), 5 deletions(-)
]0;~/KCDE_new[?1034h(base) gcgibsons-MacBook-Pro:KCDE_new gcgibson$ git add -A